// Jest Snapshot v1, https://goo.gl/fbAQLP

exports[`Pruebas en el EntryView debe de mostrar la entrada correctamente 1`] = `
<div class="entry-tittle d-flex justify-content-between p-2">
  <div><span class="text-success fs-3 fw-bold">19</span><span class="text-success mx-1 fs-3">Mayo</span><span class="mx-2 fs-4 fw-light">2022, Jueves</span></div>
  <div><input type="file" accept="image/png, image/jpeg" style="display: none;"><button class="btn btn-danger mx-2"> Borrar <i class="fa fa-trash-alt"></i></button><button class="btn btn-primary"> Subir foto <i class="fa fa-upload"></i></button></div>
</div>
<hr>
<div class="d-flex flex-column px-3 h-75"><textarea placeholder="¿Qué sucedio hoy?">
            </textarea></div>
<img src="https://res.cloudinary.com/dw0pbvufu/image/upload/v1653090610/wsgau8xmasmhmxquapsy.jpg" alt="entry-picture" class="img-thumbnail">
<!--v-if-->
<fab-button-stub icon="fa-save"></fab-button-stub>
`;
